Copyright 1986-2018 Xilinx, Inc. All Rights Reserved.
-------------------------------------------------------------------------------------
| Tool Version : Vivado v.2018.2 (win64) Build 2258646 Thu Jun 14 20:03:12 MDT 2018
| Date         : Wed Jan 17 00:57:11 2024
| Host         : E7CB running 64-bit major release  (build 9200)
| Command      : report_control_sets -verbose -file computer_control_sets_placed.rpt
| Design       : computer
| Device       : xc7a75t
-------------------------------------------------------------------------------------

Control Set Information

Table of Contents
-----------------
1. Summary
2. Histogram
3. Flip-Flop Distribution
4. Detailed Control Set Information

1. Summary
----------

+----------------------------------------------------------+-------+
|                          Status                          | Count |
+----------------------------------------------------------+-------+
| Number of unique control sets                            |   274 |
| Unused register locations in slices containing registers |    44 |
+----------------------------------------------------------+-------+


2. Histogram
------------

+--------+--------------+
| Fanout | Control Sets |
+--------+--------------+
|      2 |            1 |
|      4 |            3 |
|      8 |            1 |
|     12 |            1 |
|    16+ |          268 |
+--------+--------------+


3. Flip-Flop Distribution
-------------------------

+--------------+-----------------------+------------------------+-----------------+--------------+
| Clock Enable | Synchronous Set/Reset | Asynchronous Set/Reset | Total Registers | Total Slices |
+--------------+-----------------------+------------------------+-----------------+--------------+
| No           | No                    | No                     |              28 |            8 |
| No           | No                    | Yes                    |               0 |            0 |
| No           | Yes                   | No                     |             618 |          168 |
| Yes          | No                    | No                     |            4174 |         1152 |
| Yes          | No                    | Yes                    |               0 |            0 |
| Yes          | Yes                   | No                     |               0 |            0 |
+--------------+-----------------------+------------------------+-----------------+--------------+


4. Detailed Control Set Information
-----------------------------------

+-------------------------------------------------------------+---------------------------------------------------------------------------------+-------------------------------------------------------------------------+------------------+----------------+
|                         Clock Signal                        |                                  Enable Signal                                  |                             Set/Reset Signal                            | Slice Load Count | Bel Load Count |
+-------------------------------------------------------------+---------------------------------------------------------------------------------+-------------------------------------------------------------------------+------------------+----------------+
| ~instruction_execute_inst/Bregister_inst/register_inst/Q[7] |                                                                                 | instruction_execute_inst/Bregister_inst/register_inst/Q[7]              |                1 |              2 |
|  seg_led_inst/my_clock/CLK                                  |                                                                                 |                                                                         |                1 |              4 |
| ~Reg_b_BUFG[6]                                              |                                                                                 | Reg_b_BUFG[6]                                                           |                2 |              4 |
|  CLK100MHz_IBUF_BUFG                                        |                                                                                 |                                                                         |                2 |              4 |
| ~Reg_b_BUFG[5]                                              |                                                                                 | Reg_b_BUFG[5]                                                           |                4 |              8 |
|  CLK_BUFG                                                   |                                                                                 | PCcontrol_inst/Mwrite_reg                                               |                4 |             12 |
| ~Reg_b_BUFG[4]                                              |                                                                                 | Reg_b_BUFG[4]                                                           |                8 |             16 |
|  CLK_BUFG                                                   | instruction_execute_inst/RAM_inst/Mux256bit_inst/Mux16bit_9/Mux_11/writeout[0]  |                                                                         |                5 |             16 |
|  CLK_BUFG                                                   | instruction_execute_inst/RAM_inst/Mux256bit_inst/Mux16bit_9/Mux_10/writeout[0]  |                                                                         |                6 |             16 |
|  CLK_BUFG                                                   | instruction_execute_inst/RAM_inst/Mux256bit_inst/Mux16bit_9/Mux_12/writeout[0]  |                                                                         |                3 |             16 |
|  CLK_BUFG                                                   | instruction_execute_inst/RAM_inst/Mux256bit_inst/Mux16bit_9/Mux_14/writeout[0]  |                                                                         |                4 |             16 |
|  CLK_BUFG                                                   | instruction_execute_inst/RAM_inst/Mux256bit_inst/Mux16bit_9/Mux_13/writeout[0]  |                                                                         |                5 |             16 |
|  CLK_BUFG                                                   | instruction_execute_inst/RAM_inst/Mux256bit_inst/Mux16bit_9/Mux_7/writeout[0]   |                                                                         |                5 |             16 |
|  CLK_BUFG                                                   | instruction_execute_inst/RAM_inst/Mux256bit_inst/Mux16bit_9/Mux_8/writeout[0]   |                                                                         |                4 |             16 |
|  CLK_BUFG                                                   | instruction_execute_inst/RAM_inst/Mux256bit_inst/Mux16bit_9/Mux_9/writeout[0]   |                                                                         |                4 |             16 |
|  CLK_BUFG                                                   |                                                                                 | PCregister_inst/PROGRAM10                                               |                3 |             16 |
|  CLK_BUFG                                                   | instruction_execute_inst/RAM_inst/Mux256bit_inst/Mux16bit_4/Mux_11/writeout[0]  |                                                                         |                4 |             16 |
|  CLK_BUFG                                                   | instruction_execute_inst/RAM_inst/Mux256bit_inst/Mux16bit_14/Mux_11/writeout[0] |                                                                         |                5 |             16 |
|  CLK_BUFG                                                   | instruction_execute_inst/RAM_inst/Mux256bit_inst/Mux16bit_14/Mux_10/writeout[0] |                                                                         |                5 |             16 |
|  CLK_BUFG                                                   | instruction_execute_inst/RAM_inst/Mux256bit_inst/Mux16bit_14/Mux_13/writeout[0] |                                                                         |                4 |             16 |
|  CLK_BUFG                                                   | instruction_execute_inst/RAM_inst/Mux256bit_inst/Mux16bit_14/Mux_12/writeout[0] |                                                                         |                5 |             16 |
|  CLK_BUFG                                                   | instruction_execute_inst/RAM_inst/Mux256bit_inst/Mux16bit_14/Mux_14/writeout[0] |                                                                         |                5 |             16 |
|  CLK_BUFG                                                   | instruction_execute_inst/RAM_inst/Mux256bit_inst/Mux16bit_0/Mux_10/writeout[0]  |                                                                         |                2 |             16 |
|  CLK_BUFG                                                   | instruction_execute_inst/RAM_inst/Mux256bit_inst/Mux16bit_0/Mux_13/writeout[0]  |                                                                         |                3 |             16 |
|  CLK_BUFG                                                   | instruction_execute_inst/RAM_inst/Mux256bit_inst/Mux16bit_0/Mux_3/E[0]          |                                                                         |                4 |             16 |
|  CLK_BUFG                                                   | instruction_execute_inst/RAM_inst/Mux256bit_inst/Mux16bit_0/Mux_14/writeout[0]  |                                                                         |                3 |             16 |
|  CLK_BUFG                                                   | instruction_execute_inst/RAM_inst/Mux256bit_inst/Mux16bit_0/Mux_11/writeout[0]  |                                                                         |                4 |             16 |
|  CLK_BUFG                                                   | instruction_execute_inst/RAM_inst/Mux256bit_inst/Mux16bit_0/Mux_12/writeout[0]  |                                                                         |                3 |             16 |
|  CLK_BUFG                                                   | instruction_execute_inst/RAM_inst/Mux256bit_inst/Mux16bit_0/Mux_7/writeout[0]   |                                                                         |                5 |             16 |
|  CLK_BUFG                                                   | instruction_execute_inst/RAM_inst/Mux256bit_inst/Mux16bit_0/Mux_9/writeout[0]   |                                                                         |                4 |             16 |
|  CLK_BUFG                                                   | instruction_execute_inst/RAM_inst/Mux256bit_inst/Mux16bit_0/Mux_8/writeout[0]   |                                                                         |                3 |             16 |
|  CLK_BUFG                                                   | instruction_execute_inst/RAM_inst/Mux256bit_inst/Mux16bit_1/Mux_14/writeout[0]  |                                                                         |                4 |             16 |
|  CLK_BUFG                                                   | instruction_execute_inst/RAM_inst/Mux256bit_inst/Mux16bit_1/Mux_11/writeout[0]  |                                                                         |                3 |             16 |
|  CLK_BUFG                                                   | instruction_execute_inst/RAM_inst/Mux256bit_inst/Mux16bit_1/Mux_13/writeout[0]  |                                                                         |                5 |             16 |
|  CLK_BUFG                                                   | instruction_execute_inst/RAM_inst/Mux256bit_inst/Mux16bit_1/Mux_10/writeout[0]  |                                                                         |                5 |             16 |
|  CLK_BUFG                                                   | instruction_execute_inst/RAM_inst/Mux256bit_inst/Mux16bit_1/Mux_12/writeout[0]  |                                                                         |                7 |             16 |
|  CLK_BUFG                                                   | instruction_execute_inst/RAM_inst/Mux256bit_inst/Mux16bit_1/Mux_8/writeout[0]   |                                                                         |                2 |             16 |
|  CLK_BUFG                                                   | instruction_execute_inst/RAM_inst/Mux256bit_inst/Mux16bit_14/Mux_7/writeout[0]  |                                                                         |                4 |             16 |
|  CLK_BUFG                                                   | instruction_execute_inst/RAM_inst/Mux256bit_inst/Mux16bit_1/Mux_9/writeout[0]   |                                                                         |                5 |             16 |
|  CLK_BUFG                                                   | instruction_execute_inst/RAM_inst/Mux256bit_inst/Mux16bit_1/Mux_7/writeout[0]   |                                                                         |                2 |             16 |
|  CLK_BUFG                                                   | instruction_execute_inst/RAM_inst/Mux256bit_inst/Mux16bit_10/Mux_13/writeout[0] |                                                                         |                5 |             16 |
|  CLK_BUFG                                                   | instruction_execute_inst/RAM_inst/Mux256bit_inst/Mux16bit_10/Mux_14/writeout[0] |                                                                         |                4 |             16 |
|  CLK_BUFG                                                   | instruction_execute_inst/RAM_inst/Mux256bit_inst/Mux16bit_10/Mux_11/writeout[0] |                                                                         |                5 |             16 |
|  CLK_BUFG                                                   | instruction_execute_inst/RAM_inst/Mux256bit_inst/Mux16bit_10/Mux_10/writeout[0] |                                                                         |                6 |             16 |
|  CLK_BUFG                                                   | instruction_execute_inst/RAM_inst/Mux256bit_inst/Mux16bit_10/Mux_12/writeout[0] |                                                                         |                6 |             16 |
|  CLK_BUFG                                                   | instruction_execute_inst/RAM_inst/Mux256bit_inst/Mux16bit_10/Mux_7/writeout[0]  |                                                                         |                4 |             16 |
|  CLK_BUFG                                                   | instruction_execute_inst/RAM_inst/Mux256bit_inst/Mux16bit_10/Mux_9/writeout[0]  |                                                                         |                5 |             16 |
|  CLK_BUFG                                                   | instruction_execute_inst/RAM_inst/Mux256bit_inst/Mux16bit_10/Mux_8/writeout[0]  |                                                                         |                5 |             16 |
|  CLK_BUFG                                                   | instruction_execute_inst/RAM_inst/Mux256bit_inst/Mux16bit_14/Mux_8/writeout[0]  |                                                                         |                5 |             16 |
|  CLK_BUFG                                                   | instruction_execute_inst/RAM_inst/Mux256bit_inst/Mux16bit_14/Mux_9/writeout[0]  |                                                                         |                5 |             16 |
|  CLK_BUFG                                                   | instruction_execute_inst/RAM_inst/Mux256bit_inst/Mux16bit_11/Mux_10/writeout[0] |                                                                         |                4 |             16 |
|  CLK_BUFG                                                   | instruction_execute_inst/RAM_inst/Mux256bit_inst/Mux16bit_11/Mux_11/writeout[0] |                                                                         |                6 |             16 |
|  CLK_BUFG                                                   | instruction_execute_inst/RAM_inst/Mux256bit_inst/Mux16bit_11/Mux_7/writeout[0]  |                                                                         |                5 |             16 |
|  CLK_BUFG                                                   | instruction_execute_inst/RAM_inst/Mux256bit_inst/Mux16bit_11/Mux_12/writeout[0] |                                                                         |                4 |             16 |
|  CLK_BUFG                                                   | instruction_execute_inst/RAM_inst/Mux256bit_inst/Mux16bit_11/Mux_14/writeout[0] |                                                                         |                3 |             16 |
|  CLK_BUFG                                                   | instruction_execute_inst/RAM_inst/Mux256bit_inst/Mux16bit_11/Mux_13/writeout[0] |                                                                         |                6 |             16 |
|  CLK_BUFG                                                   | instruction_execute_inst/RAM_inst/Mux256bit_inst/Mux16bit_11/Mux_8/writeout[0]  |                                                                         |                3 |             16 |
|  CLK_BUFG                                                   | instruction_execute_inst/RAM_inst/Mux256bit_inst/Mux16bit_11/Mux_9/writeout[0]  |                                                                         |                5 |             16 |
|  CLK_BUFG                                                   | instruction_execute_inst/RAM_inst/Mux256bit_inst/Mux16bit_12/Mux_12/writeout[0] |                                                                         |                6 |             16 |
|  CLK_BUFG                                                   | instruction_execute_inst/RAM_inst/Mux256bit_inst/Mux16bit_12/Mux_10/writeout[0] |                                                                         |                4 |             16 |
|  CLK_BUFG                                                   | instruction_execute_inst/RAM_inst/Mux256bit_inst/Mux16bit_12/Mux_14/writeout[0] |                                                                         |                5 |             16 |
|  CLK_BUFG                                                   | instruction_execute_inst/RAM_inst/Mux256bit_inst/Mux16bit_12/Mux_11/writeout[0] |                                                                         |                6 |             16 |
|  CLK_BUFG                                                   | instruction_execute_inst/RAM_inst/Mux256bit_inst/Mux16bit_12/Mux_13/writeout[0] |                                                                         |                4 |             16 |
|  CLK_BUFG                                                   | instruction_execute_inst/RAM_inst/Mux256bit_inst/Mux16bit_12/Mux_7/writeout[0]  |                                                                         |                5 |             16 |
|  CLK_BUFG                                                   | instruction_execute_inst/RAM_inst/Mux256bit_inst/Mux16bit_12/Mux_9/writeout[0]  |                                                                         |                6 |             16 |
|  CLK_BUFG                                                   | instruction_execute_inst/RAM_inst/Mux256bit_inst/Mux16bit_12/Mux_8/writeout[0]  |                                                                         |                7 |             16 |
|  CLK_BUFG                                                   | instruction_execute_inst/RAM_inst/Mux256bit_inst/Mux16bit_13/Mux_11/writeout[0] |                                                                         |                4 |             16 |
|  CLK_BUFG                                                   | instruction_execute_inst/RAM_inst/Mux256bit_inst/Mux16bit_13/Mux_14/writeout[0] |                                                                         |                4 |             16 |
|  CLK_BUFG                                                   | instruction_execute_inst/RAM_inst/Mux256bit_inst/Mux16bit_13/Mux_10/writeout[0] |                                                                         |                3 |             16 |
|  CLK_BUFG                                                   | instruction_execute_inst/RAM_inst/Mux256bit_inst/Mux16bit_13/Mux_13/writeout[0] |                                                                         |                3 |             16 |
|  CLK_BUFG                                                   | instruction_execute_inst/RAM_inst/Mux256bit_inst/Mux16bit_13/Mux_12/writeout[0] |                                                                         |                4 |             16 |
|  CLK_BUFG                                                   | instruction_execute_inst/RAM_inst/Mux256bit_inst/Mux16bit_13/Mux_8/writeout[0]  |                                                                         |                3 |             16 |
|  CLK_BUFG                                                   | instruction_execute_inst/RAM_inst/Mux256bit_inst/Mux16bit_13/Mux_9/writeout[0]  |                                                                         |                3 |             16 |
|  CLK_BUFG                                                   | instruction_execute_inst/RAM_inst/Mux256bit_inst/Mux16bit_13/Mux_7/writeout[0]  |                                                                         |                3 |             16 |
|  CLK_BUFG                                                   | instruction_execute_inst/Bregister_inst/register_inst/ByteMemo_reg[0]_111[0]    |                                                                         |                7 |             16 |
|  CLK_BUFG                                                   | instruction_execute_inst/Bregister_inst/register_inst/ByteMemo_reg[0]_116[0]    |                                                                         |                3 |             16 |
|  CLK_BUFG                                                   | instruction_execute_inst/Bregister_inst/register_inst/ByteMemo_reg[0]_118[0]    |                                                                         |                3 |             16 |
|  CLK_BUFG                                                   | instruction_execute_inst/Bregister_inst/register_inst/ByteMemo_reg[0]_134[0]    |                                                                         |                3 |             16 |
|  CLK_BUFG                                                   | instruction_execute_inst/Bregister_inst/register_inst/ByteMemo_reg[0]_108[0]    |                                                                         |                4 |             16 |
|  CLK_BUFG                                                   | instruction_execute_inst/Bregister_inst/register_inst/ByteMemo_reg[0]_120[0]    |                                                                         |                4 |             16 |
|  CLK_BUFG                                                   | instruction_execute_inst/Bregister_inst/register_inst/ByteMemo_reg[0]_133[0]    |                                                                         |                3 |             16 |
|  CLK_BUFG                                                   | instruction_execute_inst/Bregister_inst/register_inst/ByteMemo_reg[0]_124[0]    |                                                                         |                4 |             16 |
|  CLK_BUFG                                                   | instruction_execute_inst/Bregister_inst/register_inst/ByteMemo_reg[0]_131[0]    |                                                                         |                6 |             16 |
|  CLK_BUFG                                                   | instruction_execute_inst/Bregister_inst/register_inst/ByteMemo_reg[0]_107[0]    |                                                                         |                4 |             16 |
|  CLK_BUFG                                                   | instruction_execute_inst/Bregister_inst/register_inst/ByteMemo_reg[0]_105[0]    |                                                                         |                3 |             16 |
|  CLK_BUFG                                                   | instruction_execute_inst/Bregister_inst/register_inst/ByteMemo_reg[0]_123[0]    |                                                                         |                5 |             16 |
|  CLK_BUFG                                                   | instruction_execute_inst/Bregister_inst/register_inst/ByteMemo_reg[0]_102[0]    |                                                                         |                2 |             16 |
|  CLK_BUFG                                                   | instruction_execute_inst/Bregister_inst/register_inst/ByteMemo_reg[0]_109[0]    |                                                                         |                3 |             16 |
|  CLK_BUFG                                                   | instruction_execute_inst/Bregister_inst/register_inst/ByteMemo_reg[0]_113[0]    |                                                                         |                4 |             16 |
|  CLK_BUFG                                                   | instruction_execute_inst/Bregister_inst/register_inst/ByteMemo_reg[0]_130[0]    |                                                                         |                5 |             16 |
|  CLK_BUFG                                                   | instruction_execute_inst/Bregister_inst/register_inst/ByteMemo_reg[0]_127[0]    |                                                                         |                4 |             16 |
|  CLK_BUFG                                                   | instruction_execute_inst/Bregister_inst/register_inst/ByteMemo_reg[0]_129[0]    |                                                                         |                4 |             16 |
|  CLK_BUFG                                                   | instruction_execute_inst/Bregister_inst/register_inst/ByteMemo_reg[0]_119[0]    |                                                                         |                5 |             16 |
|  CLK_BUFG                                                   | instruction_execute_inst/Bregister_inst/register_inst/ByteMemo_reg[0]_122[0]    |                                                                         |                5 |             16 |
|  CLK_BUFG                                                   | instruction_execute_inst/Bregister_inst/register_inst/ByteMemo_reg[0]_112[0]    |                                                                         |                6 |             16 |
|  CLK_BUFG                                                   | instruction_execute_inst/Bregister_inst/register_inst/ByteMemo_reg[0]_135[0]    |                                                                         |                4 |             16 |
|  CLK_BUFG                                                   | instruction_execute_inst/Bregister_inst/register_inst/ByteMemo_reg[7]_15[0]     |                                                                         |                3 |             16 |
|  CLK_BUFG                                                   | instruction_execute_inst/Bregister_inst/register_inst/ByteMemo_reg[0]_168[0]    |                                                                         |                5 |             16 |
|  CLK_BUFG                                                   | instruction_execute_inst/Bregister_inst/register_inst/ByteMemo_reg[0]_171[0]    |                                                                         |                5 |             16 |
|  CLK_BUFG                                                   | instruction_execute_inst/Bregister_inst/register_inst/ByteMemo_reg[0]_157[0]    |                                                                         |                4 |             16 |
|  CLK_BUFG                                                   | instruction_execute_inst/Bregister_inst/register_inst/ByteMemo_reg[0]_156[0]    |                                                                         |                4 |             16 |
|  CLK_BUFG                                                   | instruction_execute_inst/Bregister_inst/register_inst/ByteMemo_reg[0]_167[0]    |                                                                         |                5 |             16 |
|  CLK_BUFG                                                   | instruction_execute_inst/Bregister_inst/register_inst/ByteMemo_reg[0]_144[0]    |                                                                         |                7 |             16 |
|  CLK_BUFG                                                   | instruction_execute_inst/Bregister_inst/register_inst/ByteMemo_reg[0]_174[0]    |                                                                         |                7 |             16 |
|  CLK_BUFG                                                   | instruction_execute_inst/Bregister_inst/register_inst/ByteMemo_reg[0]_185[0]    |                                                                         |                5 |             16 |
|  CLK_BUFG                                                   | instruction_execute_inst/Bregister_inst/register_inst/ByteMemo_reg[0]_186[0]    |                                                                         |                7 |             16 |
|  CLK_BUFG                                                   | instruction_execute_inst/Bregister_inst/register_inst/ByteMemo_reg[0]_70[0]     |                                                                         |                6 |             16 |
|  CLK_BUFG                                                   | instruction_execute_inst/Bregister_inst/register_inst/ByteMemo_reg[0]_98[0]     |                                                                         |                4 |             16 |
|  CLK_BUFG                                                   | instruction_execute_inst/Bregister_inst/register_inst/ByteMemo_reg[0]_90[0]     |                                                                         |                4 |             16 |
|  CLK_BUFG                                                   | instruction_execute_inst/Bregister_inst/register_inst/ByteMemo_reg[7]_12[0]     |                                                                         |                3 |             16 |
|  CLK_BUFG                                                   | instruction_execute_inst/Bregister_inst/register_inst/ByteMemo_reg[7]_13[0]     |                                                                         |                5 |             16 |
|  CLK_BUFG                                                   | instruction_execute_inst/Bregister_inst/register_inst/ByteMemo_reg[0]_86[0]     |                                                                         |                3 |             16 |
|  CLK_BUFG                                                   | instruction_execute_inst/Bregister_inst/register_inst/ByteMemo_reg[0]_177[0]    |                                                                         |                2 |             16 |
|  CLK_BUFG                                                   | instruction_execute_inst/Bregister_inst/register_inst/ByteMemo_reg[7]_17[0]     |                                                                         |                4 |             16 |
|  CLK_BUFG                                                   | instruction_execute_inst/Bregister_inst/register_inst/ByteMemo_reg[0]_182[0]    |                                                                         |                5 |             16 |
|  CLK_BUFG                                                   | instruction_execute_inst/Bregister_inst/register_inst/ByteMemo_reg[7]_18[0]     |                                                                         |                6 |             16 |
|  CLK_BUFG                                                   | instruction_execute_inst/Bregister_inst/register_inst/ByteMemo_reg[7]_11[0]     |                                                                         |                4 |             16 |
|  CLK_BUFG                                                   | instruction_execute_inst/Bregister_inst/register_inst/ByteMemo_reg[0]_138[0]    |                                                                         |                5 |             16 |
|  CLK_BUFG                                                   | instruction_execute_inst/Bregister_inst/register_inst/ByteMemo_reg[0]_149[0]    |                                                                         |                6 |             16 |
|  CLK_BUFG                                                   | instruction_execute_inst/Bregister_inst/register_inst/ByteMemo_reg[0]_151[0]    |                                                                         |                3 |             16 |
|  CLK_BUFG                                                   | instruction_execute_inst/Bregister_inst/register_inst/ByteMemo_reg[0]_155[0]    |                                                                         |                6 |             16 |
|  CLK_BUFG                                                   | instruction_execute_inst/Bregister_inst/register_inst/ByteMemo_reg[0]_153[0]    |                                                                         |                5 |             16 |
|  CLK_BUFG                                                   | instruction_execute_inst/Bregister_inst/register_inst/ByteMemo_reg[0]_162[0]    |                                                                         |                5 |             16 |
|  CLK_BUFG                                                   | instruction_execute_inst/Bregister_inst/register_inst/ByteMemo_reg[0]_145[0]    |                                                                         |                4 |             16 |
|  CLK_BUFG                                                   | instruction_execute_inst/Bregister_inst/register_inst/ByteMemo_reg[0]_164[0]    |                                                                         |                6 |             16 |
|  CLK_BUFG                                                   | instruction_execute_inst/Bregister_inst/register_inst/ByteMemo_reg[0]_178[0]    |                                                                         |                2 |             16 |
|  CLK_BUFG                                                   | instruction_execute_inst/Bregister_inst/register_inst/ByteMemo_reg[0]_94[0]     |                                                                         |                6 |             16 |
|  CLK_BUFG                                                   | instruction_execute_inst/Bregister_inst/register_inst/ByteMemo_reg[0]_140[0]    |                                                                         |                4 |             16 |
|  CLK_BUFG                                                   | instruction_execute_inst/Bregister_inst/register_inst/ByteMemo_reg[0]_184[0]    |                                                                         |                5 |             16 |
|  CLK_BUFG                                                   | instruction_execute_inst/Bregister_inst/register_inst/ByteMemo_reg[0]_76[0]     |                                                                         |                6 |             16 |
|  CLK_BUFG                                                   | instruction_execute_inst/Bregister_inst/register_inst/ByteMemo_reg[0]_141[0]    |                                                                         |                5 |             16 |
|  CLK_BUFG                                                   | instruction_execute_inst/Bregister_inst/register_inst/ByteMemo_reg[7]_10[0]     |                                                                         |                4 |             16 |
|  CLK_BUFG                                                   | instruction_execute_inst/Bregister_inst/register_inst/ByteMemo_reg[0]_188[0]    |                                                                         |                7 |             16 |
|  CLK_BUFG                                                   | instruction_execute_inst/Bregister_inst/register_inst/ByteMemo_reg[7]_14[0]     |                                                                         |                4 |             16 |
|  CLK_BUFG                                                   | instruction_execute_inst/Bregister_inst/register_inst/ByteMemo_reg[0]_142[0]    |                                                                         |                5 |             16 |
|  CLK_BUFG                                                   | instruction_execute_inst/Bregister_inst/register_inst/ByteMemo_reg[0]_152[0]    |                                                                         |                3 |             16 |
|  CLK_BUFG                                                   | instruction_execute_inst/Bregister_inst/register_inst/ByteMemo_reg[0]_163[0]    |                                                                         |                4 |             16 |
|  CLK_BUFG                                                   | instruction_execute_inst/Bregister_inst/register_inst/ByteMemo_reg[7]_19[0]     |                                                                         |                2 |             16 |
|  CLK_BUFG                                                   | instruction_execute_inst/Bregister_inst/register_inst/ByteMemo_reg[0]_146[0]    |                                                                         |                5 |             16 |
|  CLK_BUFG                                                   | instruction_execute_inst/Bregister_inst/register_inst/ByteMemo_reg[0]_173[0]    |                                                                         |                4 |             16 |
|  CLK_BUFG                                                   | instruction_execute_inst/Bregister_inst/register_inst/ByteMemo_reg[0]_189[0]    |                                                                         |                5 |             16 |
|  CLK_BUFG                                                   | instruction_execute_inst/Bregister_inst/register_inst/ByteMemo_reg[0]_166[0]    |                                                                         |                5 |             16 |
|  CLK_BUFG                                                   | instruction_execute_inst/Bregister_inst/register_inst/ByteMemo_reg[0]_179[0]    |                                                                         |                4 |             16 |
|  CLK_BUFG                                                   | instruction_execute_inst/Bregister_inst/register_inst/ByteMemo_reg[0]_160[0]    |                                                                         |                4 |             16 |
|  CLK_BUFG                                                   | instruction_execute_inst/Bregister_inst/register_inst/ByteMemo_reg[0]_62[0]     |                                                                         |                6 |             16 |
|  CLK_BUFG                                                   | instruction_execute_inst/Bregister_inst/register_inst/ByteMemo_reg[7]_1[0]      |                                                                         |                3 |             16 |
|  CLK_BUFG                                                   | instruction_execute_inst/Bregister_inst/register_inst/ByteMemo_reg[7]_2[0]      |                                                                         |                3 |             16 |
|  CLK_BUFG                                                   | instruction_execute_inst/Bregister_inst/register_inst/ByteMemo_reg[7]_20[0]     |                                                                         |                2 |             16 |
|  CLK_BUFG                                                   | instruction_execute_inst/Bregister_inst/register_inst/ByteMemo_reg[7]_21[0]     |                                                                         |                2 |             16 |
|  CLK_BUFG                                                   | instruction_execute_inst/Bregister_inst/register_inst/ByteMemo_reg[7]_16[0]     |                                                                         |                4 |             16 |
|  CLK_BUFG                                                   | instruction_execute_inst/Bregister_inst/register_inst/ByteMemo_reg[0]_175[0]    |                                                                         |                4 |             16 |
|  CLK_BUFG                                                   | instruction_execute_inst/Bregister_inst/register_inst/ByteMemo_reg[0]_81[0]     |                                                                         |                4 |             16 |
|  CLK_BUFG                                                   | instruction_execute_inst/Bregister_inst/register_inst/ByteMemo_reg[7]_4[0]      |                                                                         |                2 |             16 |
|  CLK_BUFG                                                   | instruction_execute_inst/Bregister_inst/register_inst/ByteMemo_reg[7]_50[0]     |                                                                         |                5 |             16 |
|  CLK_BUFG                                                   | instruction_execute_inst/Bregister_inst/register_inst/ByteMemo_reg[7]_6[0]      |                                                                         |                3 |             16 |
|  CLK_BUFG                                                   | instruction_execute_inst/Bregister_inst/register_inst/ByteMemo_reg[7]_61[0]     |                                                                         |                6 |             16 |
|  CLK_BUFG                                                   | instruction_execute_inst/Bregister_inst/register_inst/ByteMemo_reg[7]_60[0]     |                                                                         |                7 |             16 |
|  CLK_BUFG                                                   | instruction_execute_inst/Bregister_inst/register_inst/ByteMemo_reg[7]_42[0]     |                                                                         |                4 |             16 |
|  CLK_BUFG                                                   | instruction_execute_inst/Bregister_inst/register_inst/ByteMemo_reg[7]_26[0]     |                                                                         |                4 |             16 |
|  CLK_BUFG                                                   | instruction_execute_inst/Bregister_inst/register_inst/ByteMemo_reg[7]_25[0]     |                                                                         |                4 |             16 |
|  CLK_BUFG                                                   | instruction_execute_inst/Bregister_inst/register_inst/ByteMemo_reg[7]_3[0]      |                                                                         |                2 |             16 |
|  CLK_BUFG                                                   | instruction_execute_inst/Bregister_inst/register_inst/ByteMemo_reg[7]_43[0]     |                                                                         |                5 |             16 |
|  CLK_BUFG                                                   | instruction_execute_inst/Bregister_inst/register_inst/ByteMemo_reg[7]_5[0]      |                                                                         |                4 |             16 |
|  CLK_BUFG                                                   | instruction_execute_inst/Bregister_inst/register_inst/ByteMemo_reg[7]_56[0]     |                                                                         |                7 |             16 |
|  CLK_BUFG                                                   | instruction_execute_inst/Bregister_inst/register_inst/ByteMemo_reg[7]_45[0]     |                                                                         |                4 |             16 |
|  CLK_BUFG                                                   | instruction_execute_inst/Bregister_inst/register_inst/ByteMemo_reg[7]_22[0]     |                                                                         |                3 |             16 |
|  CLK_BUFG                                                   | instruction_execute_inst/Bregister_inst/register_inst/ByteMemo_reg[7]_59[0]     |                                                                         |                7 |             16 |
|  CLK_BUFG                                                   | instruction_execute_inst/Bregister_inst/register_inst/ByteMemo_reg[7]_38[0]     |                                                                         |                5 |             16 |
|  CLK_BUFG                                                   | instruction_execute_inst/Bregister_inst/register_inst/ByteMemo_reg[7]_24[0]     |                                                                         |                4 |             16 |
|  CLK_BUFG                                                   | instruction_execute_inst/Bregister_inst/register_inst/ByteMemo_reg[7]_31[0]     |                                                                         |                4 |             16 |
|  CLK_BUFG                                                   | instruction_execute_inst/Bregister_inst/register_inst/ByteMemo_reg[7]_7[0]      |                                                                         |                3 |             16 |
|  CLK_BUFG                                                   | instruction_execute_inst/Bregister_inst/register_inst/ByteMemo_reg[7]_48[0]     |                                                                         |                6 |             16 |
|  CLK_BUFG                                                   | instruction_execute_inst/Bregister_inst/register_inst/ByteMemo_reg[7]_8[0]      |                                                                         |                5 |             16 |
|  CLK_BUFG                                                   | instruction_execute_inst/Bregister_inst/register_inst/ByteMemo_reg[7]_36[0]     |                                                                         |                4 |             16 |
|  CLK_BUFG                                                   | instruction_execute_inst/Bregister_inst/register_inst/ByteMemo_reg[7]_55[0]     |                                                                         |                6 |             16 |
|  CLK_BUFG                                                   | instruction_execute_inst/Bregister_inst/register_inst/ByteMemo_reg[7]_29[0]     |                                                                         |                8 |             16 |
|  CLK_BUFG                                                   | instruction_execute_inst/Bregister_inst/register_inst/ByteMemo_reg[7]_23[0]     |                                                                         |                5 |             16 |
|  CLK_BUFG                                                   | instruction_execute_inst/Bregister_inst/register_inst/ByteMemo_reg[7]_35[0]     |                                                                         |                6 |             16 |
|  CLK_BUFG                                                   | instruction_execute_inst/Bregister_inst/register_inst/ByteMemo_reg[7]_39[0]     |                                                                         |                5 |             16 |
|  CLK_BUFG                                                   | instruction_execute_inst/Bregister_inst/register_inst/ByteMemo_reg[7]_30[0]     |                                                                         |                7 |             16 |
|  CLK_BUFG                                                   | instruction_execute_inst/Bregister_inst/register_inst/ByteMemo_reg[7]_41[0]     |                                                                         |                5 |             16 |
|  CLK_BUFG                                                   | instruction_execute_inst/Bregister_inst/register_inst/ByteMemo_reg[7]_49[0]     |                                                                         |                6 |             16 |
|  CLK_BUFG                                                   | instruction_execute_inst/Bregister_inst/register_inst/ByteMemo_reg[7]_27[0]     |                                                                         |                5 |             16 |
|  CLK_BUFG                                                   | instruction_execute_inst/Bregister_inst/register_inst/ByteMemo_reg[7]_62[0]     |                                                                         |                7 |             16 |
|  CLK_BUFG                                                   | instruction_execute_inst/Bregister_inst/register_inst/ByteMemo_reg[7]_44[0]     |                                                                         |                5 |             16 |
|  CLK_BUFG                                                   | instruction_execute_inst/Bregister_inst/register_inst/ByteMemo_reg[7]_40[0]     |                                                                         |                5 |             16 |
|  CLK_BUFG                                                   | instruction_execute_inst/Bregister_inst/register_inst/ByteMemo_reg[7]_58[0]     |                                                                         |                5 |             16 |
|  CLK_BUFG                                                   | instruction_execute_inst/Bregister_inst/register_inst/ByteMemo_reg[7]_32[0]     |                                                                         |                5 |             16 |
|  CLK_BUFG                                                   | instruction_execute_inst/Bregister_inst/register_inst/ByteMemo_reg[7]_54[0]     |                                                                         |                3 |             16 |
|  CLK_BUFG                                                   | instruction_execute_inst/Bregister_inst/register_inst/E[0]                      |                                                                         |                3 |             16 |
|  CLK_BUFG                                                   | instruction_execute_inst/Bregister_inst/register_inst/ByteMemo_reg[7]_57[0]     |                                                                         |                5 |             16 |
|  CLK_BUFG                                                   | instruction_execute_inst/Bregister_inst/register_inst/ByteMemo_reg[7]_51[0]     |                                                                         |                3 |             16 |
|  CLK_BUFG                                                   | instruction_execute_inst/Bregister_inst/register_inst/ByteMemo_reg[7]_53[0]     |                                                                         |                4 |             16 |
|  CLK_BUFG                                                   | instruction_execute_inst/Bregister_inst/register_inst/ByteMemo_reg[7]_52[0]     |                                                                         |                3 |             16 |
|  CLK_BUFG                                                   | instruction_execute_inst/Bregister_inst/register_inst/ByteMemo_reg[7]_46[0]     |                                                                         |                4 |             16 |
|  CLK_BUFG                                                   | instruction_execute_inst/Bregister_inst/register_inst/ByteMemo_reg[7]_37[0]     |                                                                         |                4 |             16 |
|  CLK_BUFG                                                   | instruction_execute_inst/Bregister_inst/register_inst/ByteMemo_reg[7]_47[0]     |                                                                         |                6 |             16 |
|  CLK_BUFG                                                   | instruction_execute_inst/Bregister_inst/register_inst/ByteMemo_reg[7]_9[0]      |                                                                         |                4 |             16 |
|  CLK_BUFG                                                   | instruction_execute_inst/Bregister_inst/register_inst/ByteMemo_reg[7]_34[0]     |                                                                         |                2 |             16 |
|  CLK_BUFG                                                   | instruction_execute_inst/Bregister_inst/register_inst/ByteMemo_reg[7]_28[0]     |                                                                         |                6 |             16 |
|  CLK_BUFG                                                   | instruction_execute_inst/Bregister_inst/register_inst/ByteMemo_reg[7]_33[0]     |                                                                         |                2 |             16 |
|  CLK_BUFG                                                   | instruction_execute_inst/RAM_inst/Mux256bit_inst/Mux16bit_15/Mux_8/writeout[0]  |                                                                         |                6 |             16 |
|  CLK_BUFG                                                   | instruction_execute_inst/RAM_inst/Mux256bit_inst/Mux16bit_15/Mux_9/writeout[0]  |                                                                         |                6 |             16 |
|  CLK_BUFG                                                   | instruction_execute_inst/RAM_inst/Mux256bit_inst/Mux16bit_15/Mux_7/writeout[0]  |                                                                         |                6 |             16 |
|  CLK_BUFG                                                   | instruction_decode_inst/E[0]                                                    |                                                                         |                2 |             16 |
|  CLK_BUFG                                                   | instruction_execute_inst/RAM_inst/Mux256bit_inst/Mux16bit_2/Mux_10/writeout[0]  |                                                                         |                6 |             16 |
|  CLK_BUFG                                                   | instruction_execute_inst/RAM_inst/Mux256bit_inst/Mux16bit_2/Mux_13/writeout[0]  |                                                                         |                3 |             16 |
|  CLK_BUFG                                                   | instruction_execute_inst/RAM_inst/Mux256bit_inst/Mux16bit_2/Mux_11/writeout[0]  |                                                                         |                3 |             16 |
|  CLK_BUFG                                                   | instruction_execute_inst/RAM_inst/Mux256bit_inst/Mux16bit_2/Mux_14/writeout[0]  |                                                                         |                3 |             16 |
|  CLK_BUFG                                                   | instruction_execute_inst/RAM_inst/Mux256bit_inst/Mux16bit_2/Mux_12/writeout[0]  |                                                                         |                4 |             16 |
|  CLK_BUFG                                                   | instruction_execute_inst/RAM_inst/Mux256bit_inst/Mux16bit_2/Mux_9/writeout[0]   |                                                                         |                4 |             16 |
|  CLK_BUFG                                                   | instruction_execute_inst/RAM_inst/Mux256bit_inst/Mux16bit_4/Mux_10/writeout[0]  |                                                                         |                4 |             16 |
|  CLK_BUFG                                                   | instruction_execute_inst/RAM_inst/Mux256bit_inst/Mux16bit_2/Mux_7/writeout[0]   |                                                                         |                7 |             16 |
|  CLK_BUFG                                                   | instruction_execute_inst/RAM_inst/Mux256bit_inst/Mux16bit_2/Mux_8/writeout[0]   |                                                                         |                5 |             16 |
|  CLK_BUFG                                                   | instruction_execute_inst/RAM_inst/Mux256bit_inst/Mux16bit_3/Mux_14/writeout[0]  |                                                                         |                3 |             16 |
|  CLK_BUFG                                                   | instruction_execute_inst/RAM_inst/Mux256bit_inst/Mux16bit_3/Mux_11/writeout[0]  |                                                                         |                4 |             16 |
|  CLK_BUFG                                                   | instruction_execute_inst/RAM_inst/Mux256bit_inst/Mux16bit_3/Mux_13/writeout[0]  |                                                                         |                4 |             16 |
|  CLK_BUFG                                                   | instruction_execute_inst/RAM_inst/Mux256bit_inst/Mux16bit_3/Mux_10/writeout[0]  |                                                                         |                5 |             16 |
|  CLK_BUFG                                                   | instruction_execute_inst/RAM_inst/Mux256bit_inst/Mux16bit_3/Mux_12/writeout[0]  |                                                                         |                6 |             16 |
|  CLK_BUFG                                                   | instruction_execute_inst/RAM_inst/Mux256bit_inst/Mux16bit_3/Mux_8/writeout[0]   |                                                                         |                5 |             16 |
|  CLK_BUFG                                                   | instruction_execute_inst/RAM_inst/Mux256bit_inst/Mux16bit_3/Mux_9/writeout[0]   |                                                                         |                5 |             16 |
|  CLK_BUFG                                                   | instruction_execute_inst/RAM_inst/Mux256bit_inst/Mux16bit_3/Mux_7/writeout[0]   |                                                                         |                4 |             16 |
|  CLK_BUFG                                                   | instruction_execute_inst/RAM_inst/Mux256bit_inst/Mux16bit_15/Mux_10/writeout[0] |                                                                         |                7 |             16 |
|  CLK_BUFG                                                   | instruction_execute_inst/RAM_inst/Mux256bit_inst/Mux16bit_15/Mux_13/writeout[0] |                                                                         |                5 |             16 |
|  CLK_BUFG                                                   | instruction_execute_inst/RAM_inst/Mux256bit_inst/Mux16bit_15/Mux_14/writeout[0] |                                                                         |                5 |             16 |
|  CLK_BUFG                                                   | instruction_execute_inst/RAM_inst/Mux256bit_inst/Mux16bit_15/Mux_11/writeout[0] |                                                                         |                7 |             16 |
|  CLK_BUFG                                                   | instruction_execute_inst/RAM_inst/Mux256bit_inst/Mux16bit_15/Mux_12/writeout[0] |                                                                         |                6 |             16 |
|  CLK_BUFG                                                   | instruction_execute_inst/RAM_inst/Mux256bit_inst/Mux16bit_4/Mux_13/writeout[0]  |                                                                         |                5 |             16 |
|  CLK_BUFG                                                   | instruction_execute_inst/RAM_inst/Mux256bit_inst/Mux16bit_4/Mux_12/writeout[0]  |                                                                         |                3 |             16 |
|  CLK_BUFG                                                   | instruction_execute_inst/RAM_inst/Mux256bit_inst/Mux16bit_4/Mux_14/writeout[0]  |                                                                         |                5 |             16 |
|  CLK_BUFG                                                   | instruction_execute_inst/RAM_inst/Mux256bit_inst/Mux16bit_4/Mux_7/writeout[0]   |                                                                         |                3 |             16 |
|  CLK_BUFG                                                   | instruction_execute_inst/RAM_inst/Mux256bit_inst/Mux16bit_4/Mux_9/writeout[0]   |                                                                         |                3 |             16 |
|  CLK_BUFG                                                   | instruction_execute_inst/RAM_inst/Mux256bit_inst/Mux16bit_4/Mux_8/writeout[0]   |                                                                         |                4 |             16 |
|  CLK_BUFG                                                   | instruction_execute_inst/RAM_inst/Mux256bit_inst/Mux16bit_5/Mux_12/writeout[0]  |                                                                         |                3 |             16 |
|  CLK_BUFG                                                   | instruction_execute_inst/RAM_inst/Mux256bit_inst/Mux16bit_5/Mux_13/writeout[0]  |                                                                         |                3 |             16 |
|  CLK_BUFG                                                   | instruction_execute_inst/RAM_inst/Mux256bit_inst/Mux16bit_5/Mux_10/writeout[0]  |                                                                         |                4 |             16 |
|  CLK_BUFG                                                   | instruction_execute_inst/RAM_inst/Mux256bit_inst/Mux16bit_5/Mux_14/writeout[0]  |                                                                         |                4 |             16 |
|  CLK_BUFG                                                   | instruction_execute_inst/RAM_inst/Mux256bit_inst/Mux16bit_5/Mux_11/writeout[0]  |                                                                         |                4 |             16 |
|  CLK_BUFG                                                   | instruction_execute_inst/RAM_inst/Mux256bit_inst/Mux16bit_5/Mux_9/writeout[0]   |                                                                         |                5 |             16 |
|  CLK_BUFG                                                   | instruction_execute_inst/RAM_inst/Mux256bit_inst/Mux16bit_5/Mux_7/writeout[0]   |                                                                         |                2 |             16 |
|  CLK_BUFG                                                   | instruction_execute_inst/RAM_inst/Mux256bit_inst/Mux16bit_5/Mux_8/writeout[0]   |                                                                         |                4 |             16 |
|  CLK_BUFG                                                   | instruction_execute_inst/RAM_inst/Mux256bit_inst/Mux16bit_6/Mux_12/writeout[0]  |                                                                         |                4 |             16 |
|  CLK_BUFG                                                   | instruction_execute_inst/RAM_inst/Mux256bit_inst/Mux16bit_6/Mux_11/writeout[0]  |                                                                         |                4 |             16 |
|  CLK_BUFG                                                   | instruction_execute_inst/RAM_inst/Mux256bit_inst/Mux16bit_6/Mux_14/writeout[0]  |                                                                         |                4 |             16 |
|  CLK_BUFG                                                   | instruction_execute_inst/RAM_inst/Mux256bit_inst/Mux16bit_6/Mux_10/writeout[0]  |                                                                         |                4 |             16 |
|  CLK_BUFG                                                   | instruction_execute_inst/RAM_inst/Mux256bit_inst/Mux16bit_6/Mux_13/writeout[0]  |                                                                         |                3 |             16 |
|  CLK_BUFG                                                   | instruction_execute_inst/RAM_inst/Mux256bit_inst/Mux16bit_6/Mux_8/writeout[0]   |                                                                         |                5 |             16 |
|  CLK_BUFG                                                   | instruction_execute_inst/RAM_inst/Mux256bit_inst/Mux16bit_6/Mux_9/writeout[0]   |                                                                         |                4 |             16 |
|  CLK_BUFG                                                   | instruction_execute_inst/RAM_inst/Mux256bit_inst/Mux16bit_6/Mux_7/writeout[0]   |                                                                         |                4 |             16 |
|  CLK_BUFG                                                   | instruction_execute_inst/RAM_inst/Mux256bit_inst/Mux16bit_7/Mux_11/writeout[0]  |                                                                         |                7 |             16 |
|  CLK_BUFG                                                   | instruction_execute_inst/RAM_inst/Mux256bit_inst/Mux16bit_7/Mux_12/writeout[0]  |                                                                         |                5 |             16 |
|  CLK_BUFG                                                   | instruction_execute_inst/RAM_inst/Mux256bit_inst/Mux16bit_7/Mux_10/writeout[0]  |                                                                         |                5 |             16 |
|  CLK_BUFG                                                   | instruction_execute_inst/RAM_inst/Mux256bit_inst/Mux16bit_7/Mux_13/writeout[0]  |                                                                         |                6 |             16 |
|  CLK_BUFG                                                   | instruction_execute_inst/RAM_inst/Mux256bit_inst/Mux16bit_7/Mux_14/writeout[0]  |                                                                         |                5 |             16 |
|  CLK_BUFG                                                   | instruction_execute_inst/RAM_inst/Mux256bit_inst/Mux16bit_7/Mux_7/writeout[0]   |                                                                         |                5 |             16 |
|  CLK_BUFG                                                   | instruction_execute_inst/RAM_inst/Mux256bit_inst/Mux16bit_7/Mux_8/writeout[0]   |                                                                         |                5 |             16 |
|  CLK_BUFG                                                   | instruction_execute_inst/RAM_inst/Mux256bit_inst/Mux16bit_7/Mux_9/writeout[0]   |                                                                         |                6 |             16 |
|  CLK_BUFG                                                   | instruction_execute_inst/RAM_inst/Mux256bit_inst/Mux16bit_8/Mux_10/writeout[0]  |                                                                         |                4 |             16 |
|  CLK_BUFG                                                   | instruction_execute_inst/RAM_inst/Mux256bit_inst/Mux16bit_8/Mux_7/writeout[0]   |                                                                         |                3 |             16 |
|  CLK_BUFG                                                   | instruction_execute_inst/RAM_inst/Mux256bit_inst/Mux16bit_8/Mux_13/writeout[0]  |                                                                         |                4 |             16 |
|  CLK_BUFG                                                   | instruction_execute_inst/RAM_inst/Mux256bit_inst/Mux16bit_8/Mux_14/writeout[0]  |                                                                         |                4 |             16 |
|  CLK_BUFG                                                   | instruction_execute_inst/RAM_inst/Mux256bit_inst/Mux16bit_8/Mux_12/writeout[0]  |                                                                         |                5 |             16 |
|  CLK_BUFG                                                   | instruction_execute_inst/RAM_inst/Mux256bit_inst/Mux16bit_8/Mux_11/writeout[0]  |                                                                         |                3 |             16 |
|  CLK_BUFG                                                   | instruction_execute_inst/RAM_inst/Mux256bit_inst/Mux16bit_8/Mux_8/writeout[0]   |                                                                         |                5 |             16 |
|  CLK_BUFG                                                   | instruction_execute_inst/RAM_inst/Mux256bit_inst/Mux16bit_8/Mux_9/writeout[0]   |                                                                         |                4 |             16 |
|  CLK_BUFG                                                   |                                                                                 | PCcontrol_inst/PCwrite                                                  |                5 |             18 |
| ~writeout0_reg_i_2__2_n_0                                   |                                                                                 | instruction_execute_inst/Bregister_inst/register_inst/ByteMemo_reg[0]_7 |                7 |             20 |
|  CLK_BUFG                                                   |                                                                                 |                                                                         |                5 |             20 |
| ~writeout0_reg_i_2__1_n_0                                   |                                                                                 | writeout0_reg_i_2__1_n_0                                                |               15 |             32 |
| ~writeout0_reg_i_2__2_n_0                                   |                                                                                 | writeout0_reg_i_2__2_n_0                                                |               15 |             44 |
|  CLK100MHz_IBUF_BUFG                                        |                                                                                 | seg_led_inst/my_clock/divclk_reg                                        |                8 |             62 |
|  CLK_BUFG                                                   | instruction_decode_inst/ByteMemo_reg[0]                                         |                                                                         |               11 |             62 |
| ~writeout0_reg_i_2__3_n_0                                   |                                                                                 | writeout0_reg_i_2__3_n_0                                                |               37 |            128 |
| ~writeout0_reg_i_2__0_n_0                                   |                                                                                 | writeout0_reg_i_2__0_n_0                                                |               59 |            256 |
+-------------------------------------------------------------+---------------------------------------------------------------------------------+-------------------------------------------------------------------------+------------------+----------------+


